2025-08-31 16:42:30,767 - infrastructure.data_sources.binance.client - INFO - Connected to Binance API
2025-08-31 16:42:32,843 - httpx - INFO - HTTP Request: GET https://ednpvwbgpodeepjdefjy.supabase.co/rest/v1/watchlist?select=symbol "HTTP/2 200 OK"
2025-08-31 16:42:33,364 - httpx - INFO - HTTP Request: GET https://ednpvwbgpodeepjdefjy.supabase.co/rest/v1/watchlist?select=symbol "HTTP/2 200 OK"
2025-08-31 16:42:33,942 - infrastructure.data_sources.binance.client - INFO - Initializing connection pool with 2 connections
2025-08-31 16:42:36,497 - infrastructure.data_sources.binance.client - INFO - Connection pool initialized with 2 active connections
2025-08-31 16:42:38,636 - httpx - INFO - HTTP Request: GET https://ednpvwbgpodeepjdefjy.supabase.co/rest/v1/watchlist?select=symbol "HTTP/2 200 OK"
2025-08-31 16:45:28,425 - httpx - INFO - HTTP Request: GET https://ednpvwbgpodeepjdefjy.supabase.co/rest/v1/watchlist?select=symbol "HTTP/2 200 OK"
2025-08-31 16:48:18,063 - httpx - INFO - HTTP Request: GET https://ednpvwbgpodeepjdefjy.supabase.co/rest/v1/watchlist?select=symbol "HTTP/2 200 OK"
2025-08-31 16:48:20,256 - httpx - INFO - HTTP Request: GET https://ednpvwbgpodeepjdefjy.supabase.co/rest/v1/watchlist?select=symbol "HTTP/2 200 OK"
2025-08-31 16:51:11,361 - httpx - INFO - HTTP Request: GET https://ednpvwbgpodeepjdefjy.supabase.co/rest/v1/watchlist?select=symbol "HTTP/2 200 OK"
2025-08-31 16:54:00,486 - httpx - INFO - HTTP Request: GET https://ednpvwbgpodeepjdefjy.supabase.co/rest/v1/watchlist?select=symbol "HTTP/2 200 OK"
2025-08-31 16:54:01,200 - httpx - INFO - HTTP Request: GET https://ednpvwbgpodeepjdefjy.supabase.co/rest/v1/watchlist?select=symbol "HTTP/2 200 OK"
2025-08-31 16:56:50,010 - httpx - INFO - HTTP Request: GET https://ednpvwbgpodeepjdefjy.supabase.co/rest/v1/watchlist?select=symbol "HTTP/2 200 OK"
2025-08-31 16:59:40,406 - httpx - INFO - HTTP Request: GET https://ednpvwbgpodeepjdefjy.supabase.co/rest/v1/watchlist?select=symbol "HTTP/2 200 OK"
2025-08-31 16:59:42,403 - httpx - INFO - HTTP Request: GET https://ednpvwbgpodeepjdefjy.supabase.co/rest/v1/watchlist?select=symbol "HTTP/2 200 OK"
2025-08-31 17:02:38,328 - httpx - INFO - HTTP Request: GET https://ednpvwbgpodeepjdefjy.supabase.co/rest/v1/watchlist?select=symbol "HTTP/2 200 OK"
2025-08-31 17:05:27,352 - httpx - INFO - HTTP Request: GET https://ednpvwbgpodeepjdefjy.supabase.co/rest/v1/watchlist?select=symbol "HTTP/2 200 OK"
2025-08-31 17:05:28,062 - httpx - INFO - HTTP Request: GET https://ednpvwbgpodeepjdefjy.supabase.co/rest/v1/watchlist?select=symbol "HTTP/2 200 OK"
2025-08-31 17:08:14,902 - httpx - INFO - HTTP Request: GET https://ednpvwbgpodeepjdefjy.supabase.co/rest/v1/watchlist?select=symbol "HTTP/2 200 OK"
2025-08-31 17:11:04,023 - httpx - INFO - HTTP Request: GET https://ednpvwbgpodeepjdefjy.supabase.co/rest/v1/watchlist?select=symbol "HTTP/2 200 OK"
2025-08-31 17:11:06,252 - httpx - INFO - HTTP Request: GET https://ednpvwbgpodeepjdefjy.supabase.co/rest/v1/watchlist?select=symbol "HTTP/2 200 OK"
2025-08-31 17:13:56,732 - httpx - INFO - HTTP Request: GET https://ednpvwbgpodeepjdefjy.supabase.co/rest/v1/watchlist?select=symbol "HTTP/2 200 OK"
2025-08-31 17:16:44,737 - httpx - INFO - HTTP Request: GET https://ednpvwbgpodeepjdefjy.supabase.co/rest/v1/watchlist?select=symbol "HTTP/2 200 OK"
2025-08-31 17:16:45,470 - httpx - INFO - HTTP Request: GET https://ednpvwbgpodeepjdefjy.supabase.co/rest/v1/watchlist?select=symbol "HTTP/2 200 OK"
2025-08-31 17:19:34,135 - httpx - INFO - HTTP Request: GET https://ednpvwbgpodeepjdefjy.supabase.co/rest/v1/watchlist?select=symbol "HTTP/2 200 OK"
2025-08-31 17:22:27,433 - httpx - INFO - HTTP Request: GET https://ednpvwbgpodeepjdefjy.supabase.co/rest/v1/watchlist?select=symbol "HTTP/2 200 OK"
2025-08-31 17:22:30,166 - httpx - INFO - HTTP Request: GET https://ednpvwbgpodeepjdefjy.supabase.co/rest/v1/watchlist?select=symbol "HTTP/2 200 OK"
2025-08-31 17:25:20,271 - httpx - INFO - HTTP Request: GET https://ednpvwbgpodeepjdefjy.supabase.co/rest/v1/watchlist?select=symbol "HTTP/2 200 OK"
2025-08-31 17:28:12,195 - httpx - INFO - HTTP Request: GET https://ednpvwbgpodeepjdefjy.supabase.co/rest/v1/watchlist?select=symbol "HTTP/2 200 OK"
2025-08-31 17:28:13,066 - httpx - INFO - HTTP Request: GET https://ednpvwbgpodeepjdefjy.supabase.co/rest/v1/watchlist?select=symbol "HTTP/2 200 OK"
2025-08-31 17:31:01,762 - httpx - INFO - HTTP Request: GET https://ednpvwbgpodeepjdefjy.supabase.co/rest/v1/watchlist?select=symbol "HTTP/2 200 OK"
2025-08-31 17:33:58,368 - httpx - INFO - HTTP Request: GET https://ednpvwbgpodeepjdefjy.supabase.co/rest/v1/watchlist?select=symbol "HTTP/2 200 OK"
2025-08-31 17:34:00,333 - httpx - INFO - HTTP Request: GET https://ednpvwbgpodeepjdefjy.supabase.co/rest/v1/watchlist?select=symbol "HTTP/2 200 OK"
2025-08-31 17:36:50,054 - httpx - INFO - HTTP Request: GET https://ednpvwbgpodeepjdefjy.supabase.co/rest/v1/watchlist?select=symbol "HTTP/2 200 OK"
2025-08-31 17:39:44,687 - httpx - INFO - HTTP Request: GET https://ednpvwbgpodeepjdefjy.supabase.co/rest/v1/watchlist?select=symbol "HTTP/2 200 OK"
2025-08-31 17:39:47,697 - httpx - INFO - HTTP Request: GET https://ednpvwbgpodeepjdefjy.supabase.co/rest/v1/watchlist?select=symbol "HTTP/2 200 OK"
2025-08-31 17:42:38,642 - httpx - INFO - HTTP Request: GET https://ednpvwbgpodeepjdefjy.supabase.co/rest/v1/watchlist?select=symbol "HTTP/2 200 OK"
2025-08-31 17:45:30,656 - httpx - INFO - HTTP Request: GET https://ednpvwbgpodeepjdefjy.supabase.co/rest/v1/watchlist?select=symbol "HTTP/2 200 OK"
2025-08-31 17:45:31,430 - httpx - INFO - HTTP Request: GET https://ednpvwbgpodeepjdefjy.supabase.co/rest/v1/watchlist?select=symbol "HTTP/2 200 OK"
2025-08-31 17:48:21,677 - httpx - INFO - HTTP Request: GET https://ednpvwbgpodeepjdefjy.supabase.co/rest/v1/watchlist?select=symbol "HTTP/2 200 OK"
2025-08-31 17:51:13,218 - httpx - INFO - HTTP Request: GET https://ednpvwbgpodeepjdefjy.supabase.co/rest/v1/watchlist?select=symbol "HTTP/2 200 OK"
2025-08-31 17:51:15,212 - httpx - INFO - HTTP Request: GET https://ednpvwbgpodeepjdefjy.supabase.co/rest/v1/watchlist?select=symbol "HTTP/2 200 OK"
2025-08-31 17:54:02,527 - httpx - INFO - HTTP Request: GET https://ednpvwbgpodeepjdefjy.supabase.co/rest/v1/watchlist?select=symbol "HTTP/2 200 OK"
2025-08-31 17:56:51,592 - httpx - INFO - HTTP Request: GET https://ednpvwbgpodeepjdefjy.supabase.co/rest/v1/watchlist?select=symbol "HTTP/2 200 OK"
2025-08-31 17:56:52,317 - httpx - INFO - HTTP Request: GET https://ednpvwbgpodeepjdefjy.supabase.co/rest/v1/watchlist?select=symbol "HTTP/2 200 OK"
2025-08-31 17:59:41,391 - httpx - INFO - HTTP Request: GET https://ednpvwbgpodeepjdefjy.supabase.co/rest/v1/watchlist?select=symbol "HTTP/2 200 OK"
2025-08-31 18:02:31,841 - httpx - INFO - HTTP Request: GET https://ednpvwbgpodeepjdefjy.supabase.co/rest/v1/watchlist?select=symbol "HTTP/2 200 OK"
2025-08-31 18:02:32,542 - httpx - INFO - HTTP Request: GET https://ednpvwbgpodeepjdefjy.supabase.co/rest/v1/watchlist?select=symbol "HTTP/2 200 OK"
2025-08-31 18:05:21,277 - httpx - INFO - HTTP Request: GET https://ednpvwbgpodeepjdefjy.supabase.co/rest/v1/watchlist?select=symbol "HTTP/2 200 OK"
2025-08-31 18:08:13,352 - httpx - INFO - HTTP Request: GET https://ednpvwbgpodeepjdefjy.supabase.co/rest/v1/watchlist?select=symbol "HTTP/2 200 OK"
2025-08-31 18:08:14,840 - httpx - INFO - HTTP Request: GET https://ednpvwbgpodeepjdefjy.supabase.co/rest/v1/watchlist?select=symbol "HTTP/2 200 OK"
2025-08-31 18:11:01,874 - httpx - INFO - HTTP Request: GET https://ednpvwbgpodeepjdefjy.supabase.co/rest/v1/watchlist?select=symbol "HTTP/2 200 OK"
2025-08-31 18:14:00,818 - httpx - INFO - HTTP Request: GET https://ednpvwbgpodeepjdefjy.supabase.co/rest/v1/watchlist?select=symbol "HTTP/2 200 OK"
2025-08-31 18:14:01,782 - httpx - INFO - HTTP Request: GET https://ednpvwbgpodeepjdefjy.supabase.co/rest/v1/watchlist?select=symbol "HTTP/2 200 OK"
2025-08-31 18:16:49,429 - httpx - INFO - HTTP Request: GET https://ednpvwbgpodeepjdefjy.supabase.co/rest/v1/watchlist?select=symbol "HTTP/2 200 OK"
2025-08-31 18:19:39,129 - httpx - INFO - HTTP Request: GET https://ednpvwbgpodeepjdefjy.supabase.co/rest/v1/watchlist?select=symbol "HTTP/2 200 OK"
2025-08-31 18:19:39,919 - httpx - INFO - HTTP Request: GET https://ednpvwbgpodeepjdefjy.supabase.co/rest/v1/watchlist?select=symbol "HTTP/2 200 OK"
2025-08-31 18:22:37,437 - httpx - INFO - HTTP Request: GET https://ednpvwbgpodeepjdefjy.supabase.co/rest/v1/watchlist?select=symbol "HTTP/2 200 OK"
2025-08-31 18:25:27,780 - httpx - INFO - HTTP Request: GET https://ednpvwbgpodeepjdefjy.supabase.co/rest/v1/watchlist?select=symbol "HTTP/2 200 OK"
2025-08-31 18:25:28,938 - httpx - INFO - HTTP Request: GET https://ednpvwbgpodeepjdefjy.supabase.co/rest/v1/watchlist?select=symbol "HTTP/2 200 OK"
2025-08-31 18:28:21,403 - httpx - INFO - HTTP Request: GET https://ednpvwbgpodeepjdefjy.supabase.co/rest/v1/watchlist?select=symbol "HTTP/2 200 OK"
2025-08-31 18:31:09,811 - httpx - INFO - HTTP Request: GET https://ednpvwbgpodeepjdefjy.supabase.co/rest/v1/watchlist?select=symbol "HTTP/2 200 OK"
2025-08-31 18:31:12,392 - httpx - INFO - HTTP Request: GET https://ednpvwbgpodeepjdefjy.supabase.co/rest/v1/watchlist?select=symbol "HTTP/2 200 OK"
2025-08-31 18:34:04,652 - httpx - INFO - HTTP Request: GET https://ednpvwbgpodeepjdefjy.supabase.co/rest/v1/watchlist?select=symbol "HTTP/2 200 OK"
2025-08-31 18:36:53,797 - httpx - INFO - HTTP Request: GET https://ednpvwbgpodeepjdefjy.supabase.co/rest/v1/watchlist?select=symbol "HTTP/2 200 OK"
2025-08-31 18:36:54,924 - httpx - INFO - HTTP Request: GET https://ednpvwbgpodeepjdefjy.supabase.co/rest/v1/watchlist?select=symbol "HTTP/2 200 OK"
2025-08-31 18:39:47,329 - httpx - INFO - HTTP Request: GET https://ednpvwbgpodeepjdefjy.supabase.co/rest/v1/watchlist?select=symbol "HTTP/2 200 OK"
2025-08-31 18:42:35,519 - httpx - INFO - HTTP Request: GET https://ednpvwbgpodeepjdefjy.supabase.co/rest/v1/watchlist?select=symbol "HTTP/2 200 OK"
2025-08-31 18:42:37,667 - httpx - INFO - HTTP Request: GET https://ednpvwbgpodeepjdefjy.supabase.co/rest/v1/watchlist?select=symbol "HTTP/2 200 OK"
2025-08-31 18:45:31,844 - httpx - INFO - HTTP Request: GET https://ednpvwbgpodeepjdefjy.supabase.co/rest/v1/watchlist?select=symbol "HTTP/2 200 OK"
2025-08-31 18:48:24,886 - httpx - INFO - HTTP Request: GET https://ednpvwbgpodeepjdefjy.supabase.co/rest/v1/watchlist?select=symbol "HTTP/2 200 OK"
2025-08-31 18:48:25,693 - httpx - INFO - HTTP Request: GET https://ednpvwbgpodeepjdefjy.supabase.co/rest/v1/watchlist?select=symbol "HTTP/2 200 OK"
2025-08-31 18:51:16,732 - httpx - INFO - HTTP Request: GET https://ednpvwbgpodeepjdefjy.supabase.co/rest/v1/watchlist?select=symbol "HTTP/2 200 OK"
2025-08-31 18:54:07,673 - httpx - INFO - HTTP Request: GET https://ednpvwbgpodeepjdefjy.supabase.co/rest/v1/watchlist?select=symbol "HTTP/2 200 OK"
2025-08-31 18:54:09,178 - httpx - INFO - HTTP Request: GET https://ednpvwbgpodeepjdefjy.supabase.co/rest/v1/watchlist?select=symbol "HTTP/2 200 OK"
2025-08-31 18:56:58,028 - httpx - INFO - HTTP Request: GET https://ednpvwbgpodeepjdefjy.supabase.co/rest/v1/watchlist?select=symbol "HTTP/2 200 OK"
2025-08-31 18:59:48,232 - httpx - INFO - HTTP Request: GET https://ednpvwbgpodeepjdefjy.supabase.co/rest/v1/watchlist?select=symbol "HTTP/2 200 OK"
2025-08-31 18:59:49,115 - httpx - INFO - HTTP Request: GET https://ednpvwbgpodeepjdefjy.supabase.co/rest/v1/watchlist?select=symbol "HTTP/2 200 OK"
2025-08-31 19:02:45,436 - httpx - INFO - HTTP Request: GET https://ednpvwbgpodeepjdefjy.supabase.co/rest/v1/watchlist?select=symbol "HTTP/2 200 OK"
2025-08-31 19:05:43,766 - httpx - INFO - HTTP Request: GET https://ednpvwbgpodeepjdefjy.supabase.co/rest/v1/watchlist?select=symbol "HTTP/2 200 OK"
2025-08-31 19:05:45,543 - httpx - INFO - HTTP Request: GET https://ednpvwbgpodeepjdefjy.supabase.co/rest/v1/watchlist?select=symbol "HTTP/2 200 OK"
2025-08-31 19:08:37,225 - httpx - INFO - HTTP Request: GET https://ednpvwbgpodeepjdefjy.supabase.co/rest/v1/watchlist?select=symbol "HTTP/2 200 OK"
2025-08-31 19:11:27,377 - httpx - INFO - HTTP Request: GET https://ednpvwbgpodeepjdefjy.supabase.co/rest/v1/watchlist?select=symbol "HTTP/2 200 OK"
2025-08-31 19:11:28,234 - httpx - INFO - HTTP Request: GET https://ednpvwbgpodeepjdefjy.supabase.co/rest/v1/watchlist?select=symbol "HTTP/2 200 OK"
2025-08-31 19:14:18,220 - httpx - INFO - HTTP Request: GET https://ednpvwbgpodeepjdefjy.supabase.co/rest/v1/watchlist?select=symbol "HTTP/2 200 OK"
2025-08-31 19:17:12,071 - httpx - INFO - HTTP Request: GET https://ednpvwbgpodeepjdefjy.supabase.co/rest/v1/watchlist?select=symbol "HTTP/2 200 OK"
2025-08-31 19:17:14,520 - httpx - INFO - HTTP Request: GET https://ednpvwbgpodeepjdefjy.supabase.co/rest/v1/watchlist?select=symbol "HTTP/2 200 OK"
2025-08-31 19:20:04,956 - httpx - INFO - HTTP Request: GET https://ednpvwbgpodeepjdefjy.supabase.co/rest/v1/watchlist?select=symbol "HTTP/2 200 OK"
2025-08-31 19:22:54,236 - httpx - INFO - HTTP Request: GET https://ednpvwbgpodeepjdefjy.supabase.co/rest/v1/watchlist?select=symbol "HTTP/2 200 OK"
2025-08-31 19:22:56,275 - httpx - INFO - HTTP Request: GET https://ednpvwbgpodeepjdefjy.supabase.co/rest/v1/watchlist?select=symbol "HTTP/2 200 OK"
2025-08-31 19:25:46,770 - httpx - INFO - HTTP Request: GET https://ednpvwbgpodeepjdefjy.supabase.co/rest/v1/watchlist?select=symbol "HTTP/2 200 OK"
2025-08-31 19:28:43,319 - httpx - INFO - HTTP Request: GET https://ednpvwbgpodeepjdefjy.supabase.co/rest/v1/watchlist?select=symbol "HTTP/2 200 OK"
2025-08-31 19:28:45,565 - httpx - INFO - HTTP Request: GET https://ednpvwbgpodeepjdefjy.supabase.co/rest/v1/watchlist?select=symbol "HTTP/2 200 OK"
2025-08-31 19:31:36,870 - httpx - INFO - HTTP Request: GET https://ednpvwbgpodeepjdefjy.supabase.co/rest/v1/watchlist?select=symbol "HTTP/2 200 OK"
2025-08-31 19:34:30,506 - httpx - INFO - HTTP Request: GET https://ednpvwbgpodeepjdefjy.supabase.co/rest/v1/watchlist?select=symbol "HTTP/2 200 OK"
2025-08-31 19:34:32,640 - httpx - INFO - HTTP Request: GET https://ednpvwbgpodeepjdefjy.supabase.co/rest/v1/watchlist?select=symbol "HTTP/2 200 OK"
2025-08-31 19:37:25,484 - httpx - INFO - HTTP Request: GET https://ednpvwbgpodeepjdefjy.supabase.co/rest/v1/watchlist?select=symbol "HTTP/2 200 OK"
2025-08-31 19:40:36,208 - httpx - INFO - HTTP Request: GET https://ednpvwbgpodeepjdefjy.supabase.co/rest/v1/watchlist?select=symbol "HTTP/2 200 OK"
2025-08-31 19:40:38,820 - httpx - INFO - HTTP Request: GET https://ednpvwbgpodeepjdefjy.supabase.co/rest/v1/watchlist?select=symbol "HTTP/2 200 OK"
2025-08-31 19:43:30,846 - httpx - INFO - HTTP Request: GET https://ednpvwbgpodeepjdefjy.supabase.co/rest/v1/watchlist?select=symbol "HTTP/2 200 OK"
2025-08-31 19:46:20,605 - httpx - INFO - HTTP Request: GET https://ednpvwbgpodeepjdefjy.supabase.co/rest/v1/watchlist?select=symbol "HTTP/2 200 OK"
2025-08-31 19:46:23,775 - httpx - INFO - HTTP Request: GET https://ednpvwbgpodeepjdefjy.supabase.co/rest/v1/watchlist?select=symbol "HTTP/2 200 OK"
2025-08-31 19:49:13,968 - httpx - INFO - HTTP Request: GET https://ednpvwbgpodeepjdefjy.supabase.co/rest/v1/watchlist?select=symbol "HTTP/2 200 OK"
2025-08-31 19:52:04,673 - httpx - INFO - HTTP Request: GET https://ednpvwbgpodeepjdefjy.supabase.co/rest/v1/watchlist?select=symbol "HTTP/2 200 OK"
2025-08-31 19:52:06,121 - httpx - INFO - HTTP Request: GET https://ednpvwbgpodeepjdefjy.supabase.co/rest/v1/watchlist?select=symbol "HTTP/2 200 OK"
2025-08-31 19:54:55,755 - httpx - INFO - HTTP Request: GET https://ednpvwbgpodeepjdefjy.supabase.co/rest/v1/watchlist?select=symbol "HTTP/2 200 OK"
2025-08-31 19:57:44,472 - httpx - INFO - HTTP Request: GET https://ednpvwbgpodeepjdefjy.supabase.co/rest/v1/watchlist?select=symbol "HTTP/2 200 OK"
2025-08-31 19:57:46,260 - httpx - INFO - HTTP Request: GET https://ednpvwbgpodeepjdefjy.supabase.co/rest/v1/watchlist?select=symbol "HTTP/2 200 OK"
2025-08-31 20:00:35,196 - httpx - INFO - HTTP Request: GET https://ednpvwbgpodeepjdefjy.supabase.co/rest/v1/watchlist?select=symbol "HTTP/2 200 OK"
2025-08-31 20:03:31,209 - httpx - INFO - HTTP Request: GET https://ednpvwbgpodeepjdefjy.supabase.co/rest/v1/watchlist?select=symbol "HTTP/2 200 OK"
2025-08-31 20:03:32,026 - httpx - INFO - HTTP Request: GET https://ednpvwbgpodeepjdefjy.supabase.co/rest/v1/watchlist?select=symbol "HTTP/2 200 OK"
2025-08-31 20:06:25,797 - httpx - INFO - HTTP Request: GET https://ednpvwbgpodeepjdefjy.supabase.co/rest/v1/watchlist?select=symbol "HTTP/2 200 OK"
2025-08-31 20:09:14,599 - httpx - INFO - HTTP Request: GET https://ednpvwbgpodeepjdefjy.supabase.co/rest/v1/watchlist?select=symbol "HTTP/2 200 OK"
2025-08-31 20:09:16,117 - httpx - INFO - HTTP Request: GET https://ednpvwbgpodeepjdefjy.supabase.co/rest/v1/watchlist?select=symbol "HTTP/2 200 OK"
2025-08-31 20:12:07,332 - httpx - INFO - HTTP Request: GET https://ednpvwbgpodeepjdefjy.supabase.co/rest/v1/watchlist?select=symbol "HTTP/2 200 OK"
2025-08-31 20:14:56,978 - httpx - INFO - HTTP Request: GET https://ednpvwbgpodeepjdefjy.supabase.co/rest/v1/watchlist?select=symbol "HTTP/2 200 OK"
2025-08-31 20:14:57,749 - httpx - INFO - HTTP Request: GET https://ednpvwbgpodeepjdefjy.supabase.co/rest/v1/watchlist?select=symbol "HTTP/2 200 OK"
2025-08-31 20:17:47,024 - httpx - INFO - HTTP Request: GET https://ednpvwbgpodeepjdefjy.supabase.co/rest/v1/watchlist?select=symbol "HTTP/2 200 OK"
2025-08-31 20:20:36,131 - httpx - INFO - HTTP Request: GET https://ednpvwbgpodeepjdefjy.supabase.co/rest/v1/watchlist?select=symbol "HTTP/2 200 OK"
2025-08-31 20:20:36,999 - httpx - INFO - HTTP Request: GET https://ednpvwbgpodeepjdefjy.supabase.co/rest/v1/watchlist?select=symbol "HTTP/2 200 OK"
2025-08-31 20:23:25,640 - httpx - INFO - HTTP Request: GET https://ednpvwbgpodeepjdefjy.supabase.co/rest/v1/watchlist?select=symbol "HTTP/2 200 OK"
2025-08-31 20:26:16,790 - httpx - INFO - HTTP Request: GET https://ednpvwbgpodeepjdefjy.supabase.co/rest/v1/watchlist?select=symbol "HTTP/2 200 OK"
2025-08-31 20:26:18,436 - httpx - INFO - HTTP Request: GET https://ednpvwbgpodeepjdefjy.supabase.co/rest/v1/watchlist?select=symbol "HTTP/2 200 OK"
2025-08-31 20:29:08,776 - httpx - INFO - HTTP Request: GET https://ednpvwbgpodeepjdefjy.supabase.co/rest/v1/watchlist?select=symbol "HTTP/2 200 OK"
2025-08-31 20:31:56,685 - httpx - INFO - HTTP Request: GET https://ednpvwbgpodeepjdefjy.supabase.co/rest/v1/watchlist?select=symbol "HTTP/2 200 OK"
2025-08-31 20:31:58,685 - httpx - INFO - HTTP Request: GET https://ednpvwbgpodeepjdefjy.supabase.co/rest/v1/watchlist?select=symbol "HTTP/2 200 OK"
2025-08-31 20:34:51,085 - httpx - INFO - HTTP Request: GET https://ednpvwbgpodeepjdefjy.supabase.co/rest/v1/watchlist?select=symbol "HTTP/2 200 OK"
2025-08-31 20:37:42,824 - httpx - INFO - HTTP Request: GET https://ednpvwbgpodeepjdefjy.supabase.co/rest/v1/watchlist?select=symbol "HTTP/2 200 OK"
2025-08-31 20:37:44,200 - httpx - INFO - HTTP Request: GET https://ednpvwbgpodeepjdefjy.supabase.co/rest/v1/watchlist?select=symbol "HTTP/2 200 OK"
2025-08-31 20:40:34,495 - httpx - INFO - HTTP Request: GET https://ednpvwbgpodeepjdefjy.supabase.co/rest/v1/watchlist?select=symbol "HTTP/2 200 OK"
2025-08-31 20:43:33,199 - httpx - INFO - HTTP Request: GET https://ednpvwbgpodeepjdefjy.supabase.co/rest/v1/watchlist?select=symbol "HTTP/2 200 OK"
2025-08-31 20:43:34,127 - httpx - INFO - HTTP Request: GET https://ednpvwbgpodeepjdefjy.supabase.co/rest/v1/watchlist?select=symbol "HTTP/2 200 OK"
2025-08-31 20:46:24,590 - httpx - INFO - HTTP Request: GET https://ednpvwbgpodeepjdefjy.supabase.co/rest/v1/watchlist?select=symbol "HTTP/2 200 OK"
2025-08-31 20:49:14,002 - httpx - INFO - HTTP Request: GET https://ednpvwbgpodeepjdefjy.supabase.co/rest/v1/watchlist?select=symbol "HTTP/2 200 OK"
2025-08-31 20:49:16,446 - httpx - INFO - HTTP Request: GET https://ednpvwbgpodeepjdefjy.supabase.co/rest/v1/watchlist?select=symbol "HTTP/2 200 OK"
2025-08-31 20:52:05,295 - httpx - INFO - HTTP Request: GET https://ednpvwbgpodeepjdefjy.supabase.co/rest/v1/watchlist?select=symbol "HTTP/2 200 OK"
2025-08-31 20:54:56,175 - httpx - INFO - HTTP Request: GET https://ednpvwbgpodeepjdefjy.supabase.co/rest/v1/watchlist?select=symbol "HTTP/2 200 OK"
2025-08-31 20:54:57,439 - httpx - INFO - HTTP Request: GET https://ednpvwbgpodeepjdefjy.supabase.co/rest/v1/watchlist?select=symbol "HTTP/2 200 OK"
2025-08-31 20:57:45,649 - httpx - INFO - HTTP Request: GET https://ednpvwbgpodeepjdefjy.supabase.co/rest/v1/watchlist?select=symbol "HTTP/2 200 OK"
2025-08-31 21:00:38,778 - httpx - INFO - HTTP Request: GET https://ednpvwbgpodeepjdefjy.supabase.co/rest/v1/watchlist?select=symbol "HTTP/2 200 OK"
2025-08-31 21:00:39,747 - httpx - INFO - HTTP Request: GET https://ednpvwbgpodeepjdefjy.supabase.co/rest/v1/watchlist?select=symbol "HTTP/2 200 OK"
2025-08-31 21:03:27,084 - httpx - INFO - HTTP Request: GET https://ednpvwbgpodeepjdefjy.supabase.co/rest/v1/watchlist?select=symbol "HTTP/2 200 OK"
2025-09-01 22:03:54,419 - infrastructure.data_sources.binance.client - INFO - Connected to Binance API
2025-09-01 22:03:55,724 - httpx - INFO - HTTP Request: GET https://ednpvwbgpodeepjdefjy.supabase.co/rest/v1/watchlist?select=symbol "HTTP/2 200 OK"
2025-09-01 22:03:57,080 - httpx - INFO - HTTP Request: GET https://ednpvwbgpodeepjdefjy.supabase.co/rest/v1/watchlist?select=symbol "HTTP/2 200 OK"
2025-09-01 22:03:57,082 - infrastructure.data_sources.binance.client - INFO - Initializing connection pool with 2 connections
2025-09-01 22:03:59,431 - infrastructure.data_sources.binance.client - INFO - Connection pool initialized with 2 active connections
2025-09-01 22:04:00,595 - httpx - INFO - HTTP Request: GET https://ednpvwbgpodeepjdefjy.supabase.co/rest/v1/watchlist?select=symbol "HTTP/2 200 OK"
2025-09-01 22:06:48,726 - httpx - INFO - HTTP Request: GET https://ednpvwbgpodeepjdefjy.supabase.co/rest/v1/watchlist?select=symbol "HTTP/2 200 OK"
2025-09-01 22:09:35,931 - httpx - INFO - HTTP Request: GET https://ednpvwbgpodeepjdefjy.supabase.co/rest/v1/watchlist?select=symbol "HTTP/2 200 OK"
2025-09-01 22:09:36,631 - httpx - INFO - HTTP Request: GET https://ednpvwbgpodeepjdefjy.supabase.co/rest/v1/watchlist?select=symbol "HTTP/2 200 OK"
2025-09-01 22:12:24,091 - httpx - INFO - HTTP Request: GET https://ednpvwbgpodeepjdefjy.supabase.co/rest/v1/watchlist?select=symbol "HTTP/2 200 OK"
2025-09-01 22:15:11,243 - httpx - INFO - HTTP Request: GET https://ednpvwbgpodeepjdefjy.supabase.co/rest/v1/watchlist?select=symbol "HTTP/2 200 OK"
2025-09-01 22:15:12,226 - httpx - INFO - HTTP Request: GET https://ednpvwbgpodeepjdefjy.supabase.co/rest/v1/watchlist?select=symbol "HTTP/2 200 OK"
2025-09-01 22:17:59,333 - httpx - INFO - HTTP Request: GET https://ednpvwbgpodeepjdefjy.supabase.co/rest/v1/watchlist?select=symbol "HTTP/2 200 OK"
2025-09-01 22:20:46,639 - httpx - INFO - HTTP Request: GET https://ednpvwbgpodeepjdefjy.supabase.co/rest/v1/watchlist?select=symbol "HTTP/2 200 OK"
2025-09-01 22:20:47,436 - httpx - INFO - HTTP Request: GET https://ednpvwbgpodeepjdefjy.supabase.co/rest/v1/watchlist?select=symbol "HTTP/2 200 OK"
2025-09-01 22:23:34,422 - httpx - INFO - HTTP Request: GET https://ednpvwbgpodeepjdefjy.supabase.co/rest/v1/watchlist?select=symbol "HTTP/2 200 OK"
2025-09-01 22:26:21,703 - httpx - INFO - HTTP Request: GET https://ednpvwbgpodeepjdefjy.supabase.co/rest/v1/watchlist?select=symbol "HTTP/2 200 OK"
2025-09-01 22:26:22,419 - httpx - INFO - HTTP Request: GET https://ednpvwbgpodeepjdefjy.supabase.co/rest/v1/watchlist?select=symbol "HTTP/2 200 OK"
2025-09-01 22:26:56,409 - infrastructure.data_sources.binance.client - ERROR - Error fetching klines for ETHUSDT on attempt 1: 
2025-09-01 22:26:57,846 - infrastructure.data_sources.binance.client - ERROR - Error fetching klines for ETHUSDT on attempt 2: Cannot connect to host api.binance.com:443 ssl:default [getaddrinfo failed]
2025-09-01 22:27:00,703 - infrastructure.data_sources.binance.client - ERROR - Error fetching klines for ETHUSDT on attempt 3: Cannot connect to host api.binance.com:443 ssl:default [getaddrinfo failed]
2025-09-01 22:27:03,743 - infrastructure.data_sources.binance.client - ERROR - Error fetching klines for BNSOLUSDT on attempt 1: Cannot connect to host api.binance.com:443 ssl:default [getaddrinfo failed]
2025-09-01 22:27:05,504 - infrastructure.data_sources.binance.client - ERROR - Circuit breaker opened after 5 failures
2025-09-01 22:27:05,505 - infrastructure.data_sources.binance.client - ERROR - Error fetching klines for BNSOLUSDT on attempt 2: Cannot connect to host api.binance.com:443 ssl:default [getaddrinfo failed]
2025-09-01 22:27:08,027 - infrastructure.data_sources.binance.client - ERROR - Error fetching klines for BNSOLUSDT on attempt 3: Circuit breaker is OPEN - API temporarily unavailable
2025-09-01 22:27:11,040 - infrastructure.data_sources.binance.client - ERROR - Error fetching klines for UNIUSDT on attempt 1: Circuit breaker is OPEN - API temporarily unavailable
2025-09-01 22:27:12,098 - infrastructure.data_sources.binance.client - ERROR - Error fetching klines for UNIUSDT on attempt 2: Circuit breaker is OPEN - API temporarily unavailable
2025-09-01 22:27:14,202 - infrastructure.data_sources.binance.client - ERROR - Error fetching klines for UNIUSDT on attempt 3: Circuit breaker is OPEN - API temporarily unavailable
2025-09-01 22:27:17,219 - infrastructure.data_sources.binance.client - ERROR - Error fetching klines for BNBUSDT on attempt 1: Circuit breaker is OPEN - API temporarily unavailable
2025-09-01 22:27:18,455 - infrastructure.data_sources.binance.client - ERROR - Error fetching klines for BNBUSDT on attempt 2: Circuit breaker is OPEN - API temporarily unavailable
2025-09-01 22:27:20,914 - infrastructure.data_sources.binance.client - ERROR - Error fetching klines for BNBUSDT on attempt 3: Circuit breaker is OPEN - API temporarily unavailable
2025-09-01 22:27:23,927 - infrastructure.data_sources.binance.client - ERROR - Error fetching klines for AVAXUSDT on attempt 1: Circuit breaker is OPEN - API temporarily unavailable
2025-09-01 22:27:25,865 - infrastructure.data_sources.binance.client - ERROR - Error fetching klines for AVAXUSDT on attempt 2: Circuit breaker is OPEN - API temporarily unavailable
2025-09-01 22:27:28,740 - infrastructure.data_sources.binance.client - ERROR - Error fetching klines for AVAXUSDT on attempt 3: Circuit breaker is OPEN - API temporarily unavailable
2025-09-01 22:27:31,745 - infrastructure.data_sources.binance.client - ERROR - Error fetching klines for BTCUSDC on attempt 1: Circuit breaker is OPEN - API temporarily unavailable
2025-09-01 22:27:33,502 - infrastructure.data_sources.binance.client - ERROR - Error fetching klines for BTCUSDC on attempt 2: Circuit breaker is OPEN - API temporarily unavailable
2025-09-01 22:27:36,013 - infrastructure.data_sources.binance.client - ERROR - Error fetching klines for BTCUSDC on attempt 3: Circuit breaker is OPEN - API temporarily unavailable
2025-09-01 22:27:39,035 - infrastructure.data_sources.binance.client - ERROR - Error fetching klines for USDCUSDT on attempt 1: Circuit breaker is OPEN - API temporarily unavailable
2025-09-01 22:27:40,084 - infrastructure.data_sources.binance.client - ERROR - Error fetching klines for USDCUSDT on attempt 2: Circuit breaker is OPEN - API temporarily unavailable
2025-09-01 22:27:42,180 - infrastructure.data_sources.binance.client - ERROR - Error fetching klines for USDCUSDT on attempt 3: Circuit breaker is OPEN - API temporarily unavailable
2025-09-01 22:27:45,188 - infrastructure.data_sources.binance.client - ERROR - Error fetching klines for XRPUSDT on attempt 1: Circuit breaker is OPEN - API temporarily unavailable
2025-09-01 22:27:46,383 - infrastructure.data_sources.binance.client - ERROR - Error fetching klines for XRPUSDT on attempt 2: Circuit breaker is OPEN - API temporarily unavailable
2025-09-01 22:27:48,768 - infrastructure.data_sources.binance.client - ERROR - Error fetching klines for XRPUSDT on attempt 3: Circuit breaker is OPEN - API temporarily unavailable
2025-09-01 22:29:49,222 - httpx - INFO - HTTP Request: GET https://ednpvwbgpodeepjdefjy.supabase.co/rest/v1/watchlist?select=symbol "HTTP/2 200 OK"
2025-09-01 22:29:49,229 - infrastructure.data_sources.binance.client - INFO - Circuit breaker moving to HALF_OPEN state
2025-09-01 22:29:49,557 - infrastructure.data_sources.binance.client - INFO - Circuit breaker closed - API recovered
2025-09-01 22:32:38,810 - httpx - INFO - HTTP Request: GET https://ednpvwbgpodeepjdefjy.supabase.co/rest/v1/watchlist?select=symbol "HTTP/2 200 OK"
2025-09-01 22:32:39,504 - httpx - INFO - HTTP Request: GET https://ednpvwbgpodeepjdefjy.supabase.co/rest/v1/watchlist?select=symbol "HTTP/2 200 OK"
2025-09-01 22:35:26,353 - httpx - INFO - HTTP Request: GET https://ednpvwbgpodeepjdefjy.supabase.co/rest/v1/watchlist?select=symbol "HTTP/2 200 OK"
2025-09-01 22:38:13,331 - httpx - INFO - HTTP Request: GET https://ednpvwbgpodeepjdefjy.supabase.co/rest/v1/watchlist?select=symbol "HTTP/2 200 OK"
2025-09-01 22:38:13,978 - httpx - INFO - HTTP Request: GET https://ednpvwbgpodeepjdefjy.supabase.co/rest/v1/watchlist?select=symbol "HTTP/2 200 OK"
2025-09-01 22:41:01,360 - httpx - INFO - HTTP Request: GET https://ednpvwbgpodeepjdefjy.supabase.co/rest/v1/watchlist?select=symbol "HTTP/2 200 OK"
2025-09-01 22:43:49,146 - httpx - INFO - HTTP Request: GET https://ednpvwbgpodeepjdefjy.supabase.co/rest/v1/watchlist?select=symbol "HTTP/2 200 OK"
2025-09-01 22:43:50,001 - httpx - INFO - HTTP Request: GET https://ednpvwbgpodeepjdefjy.supabase.co/rest/v1/watchlist?select=symbol "HTTP/2 200 OK"
2025-09-01 22:46:37,031 - httpx - INFO - HTTP Request: GET https://ednpvwbgpodeepjdefjy.supabase.co/rest/v1/watchlist?select=symbol "HTTP/2 200 OK"
2025-09-01 22:49:23,799 - httpx - INFO - HTTP Request: GET https://ednpvwbgpodeepjdefjy.supabase.co/rest/v1/watchlist?select=symbol "HTTP/2 200 OK"
2025-09-01 22:49:24,485 - httpx - INFO - HTTP Request: GET https://ednpvwbgpodeepjdefjy.supabase.co/rest/v1/watchlist?select=symbol "HTTP/2 200 OK"
2025-09-01 22:52:11,802 - httpx - INFO - HTTP Request: GET https://ednpvwbgpodeepjdefjy.supabase.co/rest/v1/watchlist?select=symbol "HTTP/2 200 OK"
2025-09-01 22:54:58,890 - httpx - INFO - HTTP Request: GET https://ednpvwbgpodeepjdefjy.supabase.co/rest/v1/watchlist?select=symbol "HTTP/2 200 OK"
2025-09-01 22:54:59,882 - httpx - INFO - HTTP Request: GET https://ednpvwbgpodeepjdefjy.supabase.co/rest/v1/watchlist?select=symbol "HTTP/2 200 OK"
2025-09-01 22:57:46,598 - httpx - INFO - HTTP Request: GET https://ednpvwbgpodeepjdefjy.supabase.co/rest/v1/watchlist?select=symbol "HTTP/2 200 OK"
2025-09-01 23:00:34,049 - httpx - INFO - HTTP Request: GET https://ednpvwbgpodeepjdefjy.supabase.co/rest/v1/watchlist?select=symbol "HTTP/2 200 OK"
2025-09-01 23:00:34,814 - httpx - INFO - HTTP Request: GET https://ednpvwbgpodeepjdefjy.supabase.co/rest/v1/watchlist?select=symbol "HTTP/2 200 OK"
2025-09-01 23:03:21,811 - httpx - INFO - HTTP Request: GET https://ednpvwbgpodeepjdefjy.supabase.co/rest/v1/watchlist?select=symbol "HTTP/2 200 OK"
2025-09-01 23:06:08,530 - httpx - INFO - HTTP Request: GET https://ednpvwbgpodeepjdefjy.supabase.co/rest/v1/watchlist?select=symbol "HTTP/2 200 OK"
2025-09-01 23:06:09,186 - httpx - INFO - HTTP Request: GET https://ednpvwbgpodeepjdefjy.supabase.co/rest/v1/watchlist?select=symbol "HTTP/2 200 OK"
2025-09-01 23:08:55,826 - httpx - INFO - HTTP Request: GET https://ednpvwbgpodeepjdefjy.supabase.co/rest/v1/watchlist?select=symbol "HTTP/2 200 OK"
2025-09-01 23:11:43,660 - httpx - INFO - HTTP Request: GET https://ednpvwbgpodeepjdefjy.supabase.co/rest/v1/watchlist?select=symbol "HTTP/2 200 OK"
2025-09-01 23:11:44,306 - httpx - INFO - HTTP Request: GET https://ednpvwbgpodeepjdefjy.supabase.co/rest/v1/watchlist?select=symbol "HTTP/2 200 OK"
2025-09-01 23:14:31,492 - httpx - INFO - HTTP Request: GET https://ednpvwbgpodeepjdefjy.supabase.co/rest/v1/watchlist?select=symbol "HTTP/2 200 OK"
2025-09-01 23:17:21,026 - httpx - INFO - HTTP Request: GET https://ednpvwbgpodeepjdefjy.supabase.co/rest/v1/watchlist?select=symbol "HTTP/2 200 OK"
2025-09-01 23:17:22,066 - httpx - INFO - HTTP Request: GET https://ednpvwbgpodeepjdefjy.supabase.co/rest/v1/watchlist?select=symbol "HTTP/2 200 OK"
2025-09-01 23:20:12,661 - httpx - INFO - HTTP Request: GET https://ednpvwbgpodeepjdefjy.supabase.co/rest/v1/watchlist?select=symbol "HTTP/2 200 OK"
2025-09-01 23:23:01,018 - httpx - INFO - HTTP Request: GET https://ednpvwbgpodeepjdefjy.supabase.co/rest/v1/watchlist?select=symbol "HTTP/2 200 OK"
2025-09-01 23:23:01,711 - httpx - INFO - HTTP Request: GET https://ednpvwbgpodeepjdefjy.supabase.co/rest/v1/watchlist?select=symbol "HTTP/2 200 OK"
2025-09-01 23:25:50,725 - httpx - INFO - HTTP Request: GET https://ednpvwbgpodeepjdefjy.supabase.co/rest/v1/watchlist?select=symbol "HTTP/2 200 OK"
2025-09-01 23:28:41,011 - httpx - INFO - HTTP Request: GET https://ednpvwbgpodeepjdefjy.supabase.co/rest/v1/watchlist?select=symbol "HTTP/2 200 OK"
2025-09-01 23:28:41,669 - httpx - INFO - HTTP Request: GET https://ednpvwbgpodeepjdefjy.supabase.co/rest/v1/watchlist?select=symbol "HTTP/2 200 OK"
2025-09-01 23:31:31,568 - httpx - INFO - HTTP Request: GET https://ednpvwbgpodeepjdefjy.supabase.co/rest/v1/watchlist?select=symbol "HTTP/2 200 OK"
2025-09-01 23:34:20,745 - httpx - INFO - HTTP Request: GET https://ednpvwbgpodeepjdefjy.supabase.co/rest/v1/watchlist?select=symbol "HTTP/2 200 OK"
2025-09-01 23:34:21,428 - httpx - INFO - HTTP Request: GET https://ednpvwbgpodeepjdefjy.supabase.co/rest/v1/watchlist?select=symbol "HTTP/2 200 OK"
2025-09-01 23:37:10,047 - httpx - INFO - HTTP Request: GET https://ednpvwbgpodeepjdefjy.supabase.co/rest/v1/watchlist?select=symbol "HTTP/2 200 OK"
2025-09-01 23:39:58,629 - httpx - INFO - HTTP Request: GET https://ednpvwbgpodeepjdefjy.supabase.co/rest/v1/watchlist?select=symbol "HTTP/2 200 OK"
2025-09-01 23:39:59,457 - httpx - INFO - HTTP Request: GET https://ednpvwbgpodeepjdefjy.supabase.co/rest/v1/watchlist?select=symbol "HTTP/2 200 OK"
2025-09-01 23:42:48,578 - httpx - INFO - HTTP Request: GET https://ednpvwbgpodeepjdefjy.supabase.co/rest/v1/watchlist?select=symbol "HTTP/2 200 OK"
2025-09-01 23:45:35,675 - httpx - INFO - HTTP Request: GET https://ednpvwbgpodeepjdefjy.supabase.co/rest/v1/watchlist?select=symbol "HTTP/2 200 OK"
2025-09-01 23:45:36,331 - httpx - INFO - HTTP Request: GET https://ednpvwbgpodeepjdefjy.supabase.co/rest/v1/watchlist?select=symbol "HTTP/2 200 OK"
2025-09-01 23:48:22,937 - httpx - INFO - HTTP Request: GET https://ednpvwbgpodeepjdefjy.supabase.co/rest/v1/watchlist?select=symbol "HTTP/2 200 OK"
2025-09-01 23:51:09,757 - httpx - INFO - HTTP Request: GET https://ednpvwbgpodeepjdefjy.supabase.co/rest/v1/watchlist?select=symbol "HTTP/2 200 OK"
2025-09-01 23:51:10,451 - httpx - INFO - HTTP Request: GET https://ednpvwbgpodeepjdefjy.supabase.co/rest/v1/watchlist?select=symbol "HTTP/2 200 OK"
2025-09-01 23:57:57,577 - httpx - INFO - HTTP Request: GET https://ednpvwbgpodeepjdefjy.supabase.co/rest/v1/watchlist?select=symbol "HTTP/2 200 OK"
2025-09-01 23:57:58,413 - httpx - INFO - HTTP Request: GET https://ednpvwbgpodeepjdefjy.supabase.co/rest/v1/watchlist?select=symbol "HTTP/2 200 OK"
2025-09-02 00:00:45,844 - httpx - INFO - HTTP Request: GET https://ednpvwbgpodeepjdefjy.supabase.co/rest/v1/watchlist?select=symbol "HTTP/2 200 OK"
2025-09-02 00:03:33,329 - httpx - INFO - HTTP Request: GET https://ednpvwbgpodeepjdefjy.supabase.co/rest/v1/watchlist?select=symbol "HTTP/2 200 OK"
2025-09-02 00:03:34,067 - httpx - INFO - HTTP Request: GET https://ednpvwbgpodeepjdefjy.supabase.co/rest/v1/watchlist?select=symbol "HTTP/2 200 OK"
2025-09-02 00:06:21,458 - httpx - INFO - HTTP Request: GET https://ednpvwbgpodeepjdefjy.supabase.co/rest/v1/watchlist?select=symbol "HTTP/2 200 OK"
2025-09-02 00:09:09,203 - httpx - INFO - HTTP Request: GET https://ednpvwbgpodeepjdefjy.supabase.co/rest/v1/watchlist?select=symbol "HTTP/2 200 OK"
2025-09-02 00:09:09,916 - httpx - INFO - HTTP Request: GET https://ednpvwbgpodeepjdefjy.supabase.co/rest/v1/watchlist?select=symbol "HTTP/2 200 OK"
2025-09-02 00:11:57,019 - httpx - INFO - HTTP Request: GET https://ednpvwbgpodeepjdefjy.supabase.co/rest/v1/watchlist?select=symbol "HTTP/2 200 OK"
2025-09-02 00:14:44,885 - httpx - INFO - HTTP Request: GET https://ednpvwbgpodeepjdefjy.supabase.co/rest/v1/watchlist?select=symbol "HTTP/2 200 OK"
2025-09-02 00:14:45,598 - httpx - INFO - HTTP Request: GET https://ednpvwbgpodeepjdefjy.supabase.co/rest/v1/watchlist?select=symbol "HTTP/2 200 OK"
2025-09-02 00:17:33,212 - httpx - INFO - HTTP Request: GET https://ednpvwbgpodeepjdefjy.supabase.co/rest/v1/watchlist?select=symbol "HTTP/2 200 OK"
2025-09-02 00:20:21,273 - httpx - INFO - HTTP Request: GET https://ednpvwbgpodeepjdefjy.supabase.co/rest/v1/watchlist?select=symbol "HTTP/2 200 OK"
2025-09-02 00:20:22,087 - httpx - INFO - HTTP Request: GET https://ednpvwbgpodeepjdefjy.supabase.co/rest/v1/watchlist?select=symbol "HTTP/2 200 OK"
2025-09-02 00:23:09,522 - httpx - INFO - HTTP Request: GET https://ednpvwbgpodeepjdefjy.supabase.co/rest/v1/watchlist?select=symbol "HTTP/2 200 OK"
2025-09-02 00:25:57,100 - httpx - INFO - HTTP Request: GET https://ednpvwbgpodeepjdefjy.supabase.co/rest/v1/watchlist?select=symbol "HTTP/2 200 OK"
2025-09-02 00:25:57,851 - httpx - INFO - HTTP Request: GET https://ednpvwbgpodeepjdefjy.supabase.co/rest/v1/watchlist?select=symbol "HTTP/2 200 OK"
2025-09-02 00:28:48,634 - httpx - INFO - HTTP Request: GET https://ednpvwbgpodeepjdefjy.supabase.co/rest/v1/watchlist?select=symbol "HTTP/2 200 OK"
2025-09-02 00:31:36,302 - httpx - INFO - HTTP Request: GET https://ednpvwbgpodeepjdefjy.supabase.co/rest/v1/watchlist?select=symbol "HTTP/2 200 OK"
2025-09-02 00:31:37,113 - httpx - INFO - HTTP Request: GET https://ednpvwbgpodeepjdefjy.supabase.co/rest/v1/watchlist?select=symbol "HTTP/2 200 OK"
2025-09-02 00:34:24,392 - httpx - INFO - HTTP Request: GET https://ednpvwbgpodeepjdefjy.supabase.co/rest/v1/watchlist?select=symbol "HTTP/2 200 OK"
2025-09-02 00:37:12,067 - httpx - INFO - HTTP Request: GET https://ednpvwbgpodeepjdefjy.supabase.co/rest/v1/watchlist?select=symbol "HTTP/2 200 OK"
2025-09-02 00:37:12,884 - httpx - INFO - HTTP Request: GET https://ednpvwbgpodeepjdefjy.supabase.co/rest/v1/watchlist?select=symbol "HTTP/2 200 OK"
2025-09-02 00:40:00,610 - httpx - INFO - HTTP Request: GET https://ednpvwbgpodeepjdefjy.supabase.co/rest/v1/watchlist?select=symbol "HTTP/2 200 OK"
2025-09-02 00:42:48,143 - httpx - INFO - HTTP Request: GET https://ednpvwbgpodeepjdefjy.supabase.co/rest/v1/watchlist?select=symbol "HTTP/2 200 OK"
2025-09-02 00:42:48,845 - httpx - INFO - HTTP Request: GET https://ednpvwbgpodeepjdefjy.supabase.co/rest/v1/watchlist?select=symbol "HTTP/2 200 OK"
2025-09-02 00:45:38,129 - httpx - INFO - HTTP Request: GET https://ednpvwbgpodeepjdefjy.supabase.co/rest/v1/watchlist?select=symbol "HTTP/2 200 OK"
2025-09-02 00:48:28,939 - httpx - INFO - HTTP Request: GET https://ednpvwbgpodeepjdefjy.supabase.co/rest/v1/watchlist?select=symbol "HTTP/2 200 OK"
2025-09-02 00:48:29,650 - httpx - INFO - HTTP Request: GET https://ednpvwbgpodeepjdefjy.supabase.co/rest/v1/watchlist?select=symbol "HTTP/2 200 OK"
2025-09-02 00:51:19,123 - httpx - INFO - HTTP Request: GET https://ednpvwbgpodeepjdefjy.supabase.co/rest/v1/watchlist?select=symbol "HTTP/2 200 OK"
2025-09-02 00:54:08,394 - httpx - INFO - HTTP Request: GET https://ednpvwbgpodeepjdefjy.supabase.co/rest/v1/watchlist?select=symbol "HTTP/2 200 OK"
2025-09-02 00:54:09,210 - httpx - INFO - HTTP Request: GET https://ednpvwbgpodeepjdefjy.supabase.co/rest/v1/watchlist?select=symbol "HTTP/2 200 OK"
2025-09-02 00:56:59,810 - httpx - INFO - HTTP Request: GET https://ednpvwbgpodeepjdefjy.supabase.co/rest/v1/watchlist?select=symbol "HTTP/2 200 OK"
2025-09-02 00:59:49,292 - httpx - INFO - HTTP Request: GET https://ednpvwbgpodeepjdefjy.supabase.co/rest/v1/watchlist?select=symbol "HTTP/2 200 OK"
2025-09-02 00:59:50,213 - httpx - INFO - HTTP Request: GET https://ednpvwbgpodeepjdefjy.supabase.co/rest/v1/watchlist?select=symbol "HTTP/2 200 OK"
2025-09-02 01:02:38,134 - httpx - INFO - HTTP Request: GET https://ednpvwbgpodeepjdefjy.supabase.co/rest/v1/watchlist?select=symbol "HTTP/2 200 OK"
2025-09-02 01:05:26,292 - httpx - INFO - HTTP Request: GET https://ednpvwbgpodeepjdefjy.supabase.co/rest/v1/watchlist?select=symbol "HTTP/2 200 OK"
2025-09-02 01:05:27,102 - httpx - INFO - HTTP Request: GET https://ednpvwbgpodeepjdefjy.supabase.co/rest/v1/watchlist?select=symbol "HTTP/2 200 OK"
2025-09-02 01:08:14,466 - httpx - INFO - HTTP Request: GET https://ednpvwbgpodeepjdefjy.supabase.co/rest/v1/watchlist?select=symbol "HTTP/2 200 OK"
2025-09-04 02:05:57,014 - infrastructure.data_sources.binance.client - INFO - Connected to Binance API
2025-09-04 02:05:57,673 - httpx - INFO - HTTP Request: GET https://ednpvwbgpodeepjdefjy.supabase.co/rest/v1/watchlist?select=symbol "HTTP/2 200 OK"
2025-09-04 02:05:58,048 - httpx - INFO - HTTP Request: GET https://ednpvwbgpodeepjdefjy.supabase.co/rest/v1/watchlist?select=symbol "HTTP/2 200 OK"
2025-09-04 02:05:58,050 - infrastructure.data_sources.binance.client - INFO - Initializing connection pool with 2 connections
2025-09-04 02:06:00,624 - infrastructure.data_sources.binance.client - INFO - Connection pool initialized with 2 active connections
2025-09-04 02:06:01,324 - httpx - INFO - HTTP Request: GET https://ednpvwbgpodeepjdefjy.supabase.co/rest/v1/watchlist?select=symbol "HTTP/2 200 OK"
2025-09-04 02:08:49,686 - httpx - INFO - HTTP Request: GET https://ednpvwbgpodeepjdefjy.supabase.co/rest/v1/watchlist?select=symbol "HTTP/2 200 OK"
2025-09-04 02:11:39,255 - httpx - INFO - HTTP Request: GET https://ednpvwbgpodeepjdefjy.supabase.co/rest/v1/watchlist?select=symbol "HTTP/2 200 OK"
2025-09-04 02:11:40,149 - httpx - INFO - HTTP Request: GET https://ednpvwbgpodeepjdefjy.supabase.co/rest/v1/watchlist?select=symbol "HTTP/2 200 OK"
2025-09-04 02:14:28,466 - httpx - INFO - HTTP Request: GET https://ednpvwbgpodeepjdefjy.supabase.co/rest/v1/watchlist?select=symbol "HTTP/2 200 OK"
2025-09-04 02:17:17,496 - httpx - INFO - HTTP Request: GET https://ednpvwbgpodeepjdefjy.supabase.co/rest/v1/watchlist?select=symbol "HTTP/2 200 OK"
2025-09-04 02:17:18,256 - httpx - INFO - HTTP Request: GET https://ednpvwbgpodeepjdefjy.supabase.co/rest/v1/watchlist?select=symbol "HTTP/2 200 OK"
2025-09-04 02:20:06,670 - httpx - INFO - HTTP Request: GET https://ednpvwbgpodeepjdefjy.supabase.co/rest/v1/watchlist?select=symbol "HTTP/2 200 OK"
2025-09-04 02:22:55,178 - httpx - INFO - HTTP Request: GET https://ednpvwbgpodeepjdefjy.supabase.co/rest/v1/watchlist?select=symbol "HTTP/2 200 OK"
2025-09-04 02:22:56,129 - httpx - INFO - HTTP Request: GET https://ednpvwbgpodeepjdefjy.supabase.co/rest/v1/watchlist?select=symbol "HTTP/2 200 OK"
2025-09-04 02:25:44,515 - httpx - INFO - HTTP Request: GET https://ednpvwbgpodeepjdefjy.supabase.co/rest/v1/watchlist?select=symbol "HTTP/2 200 OK"
2025-09-04 02:28:33,600 - httpx - INFO - HTTP Request: GET https://ednpvwbgpodeepjdefjy.supabase.co/rest/v1/watchlist?select=symbol "HTTP/2 200 OK"
2025-09-04 02:28:34,395 - httpx - INFO - HTTP Request: GET https://ednpvwbgpodeepjdefjy.supabase.co/rest/v1/watchlist?select=symbol "HTTP/2 200 OK"
2025-09-04 02:31:22,630 - httpx - INFO - HTTP Request: GET https://ednpvwbgpodeepjdefjy.supabase.co/rest/v1/watchlist?select=symbol "HTTP/2 200 OK"
2025-09-04 02:34:10,835 - httpx - INFO - HTTP Request: GET https://ednpvwbgpodeepjdefjy.supabase.co/rest/v1/watchlist?select=symbol "HTTP/2 200 OK"
2025-09-04 02:34:11,590 - httpx - INFO - HTTP Request: GET https://ednpvwbgpodeepjdefjy.supabase.co/rest/v1/watchlist?select=symbol "HTTP/2 200 OK"
2025-09-04 02:36:59,947 - httpx - INFO - HTTP Request: GET https://ednpvwbgpodeepjdefjy.supabase.co/rest/v1/watchlist?select=symbol "HTTP/2 200 OK"
2025-09-04 02:39:48,075 - httpx - INFO - HTTP Request: GET https://ednpvwbgpodeepjdefjy.supabase.co/rest/v1/watchlist?select=symbol "HTTP/2 200 OK"
2025-09-04 02:39:48,820 - httpx - INFO - HTTP Request: GET https://ednpvwbgpodeepjdefjy.supabase.co/rest/v1/watchlist?select=symbol "HTTP/2 200 OK"
2025-09-04 02:42:37,528 - httpx - INFO - HTTP Request: GET https://ednpvwbgpodeepjdefjy.supabase.co/rest/v1/watchlist?select=symbol "HTTP/2 200 OK"
2025-09-04 02:45:26,678 - httpx - INFO - HTTP Request: GET https://ednpvwbgpodeepjdefjy.supabase.co/rest/v1/watchlist?select=symbol "HTTP/2 200 OK"
2025-09-04 02:45:27,445 - httpx - INFO - HTTP Request: GET https://ednpvwbgpodeepjdefjy.supabase.co/rest/v1/watchlist?select=symbol "HTTP/2 200 OK"
2025-09-04 02:48:17,488 - httpx - INFO - HTTP Request: GET https://ednpvwbgpodeepjdefjy.supabase.co/rest/v1/watchlist?select=symbol "HTTP/2 200 OK"
2025-09-04 02:51:05,908 - httpx - INFO - HTTP Request: GET https://ednpvwbgpodeepjdefjy.supabase.co/rest/v1/watchlist?select=symbol "HTTP/2 200 OK"
2025-09-04 02:51:06,654 - httpx - INFO - HTTP Request: GET https://ednpvwbgpodeepjdefjy.supabase.co/rest/v1/watchlist?select=symbol "HTTP/2 200 OK"
2025-09-04 02:53:55,007 - httpx - INFO - HTTP Request: GET https://ednpvwbgpodeepjdefjy.supabase.co/rest/v1/watchlist?select=symbol "HTTP/2 200 OK"
2025-09-04 02:56:43,394 - httpx - INFO - HTTP Request: GET https://ednpvwbgpodeepjdefjy.supabase.co/rest/v1/watchlist?select=symbol "HTTP/2 200 OK"
2025-09-04 02:56:44,295 - httpx - INFO - HTTP Request: GET https://ednpvwbgpodeepjdefjy.supabase.co/rest/v1/watchlist?select=symbol "HTTP/2 200 OK"
2025-09-04 02:59:32,919 - httpx - INFO - HTTP Request: GET https://ednpvwbgpodeepjdefjy.supabase.co/rest/v1/watchlist?select=symbol "HTTP/2 200 OK"
2025-09-04 03:02:22,526 - httpx - INFO - HTTP Request: GET https://ednpvwbgpodeepjdefjy.supabase.co/rest/v1/watchlist?select=symbol "HTTP/2 200 OK"
2025-09-04 03:02:23,416 - httpx - INFO - HTTP Request: GET https://ednpvwbgpodeepjdefjy.supabase.co/rest/v1/watchlist?select=symbol "HTTP/2 200 OK"
2025-09-04 03:05:11,775 - httpx - INFO - HTTP Request: GET https://ednpvwbgpodeepjdefjy.supabase.co/rest/v1/watchlist?select=symbol "HTTP/2 200 OK"
2025-09-04 03:08:01,204 - httpx - INFO - HTTP Request: GET https://ednpvwbgpodeepjdefjy.supabase.co/rest/v1/watchlist?select=symbol "HTTP/2 200 OK"
2025-09-04 03:08:01,950 - httpx - INFO - HTTP Request: GET https://ednpvwbgpodeepjdefjy.supabase.co/rest/v1/watchlist?select=symbol "HTTP/2 200 OK"
2025-09-04 03:10:50,095 - httpx - INFO - HTTP Request: GET https://ednpvwbgpodeepjdefjy.supabase.co/rest/v1/watchlist?select=symbol "HTTP/2 200 OK"
2025-09-04 03:13:39,252 - httpx - INFO - HTTP Request: GET https://ednpvwbgpodeepjdefjy.supabase.co/rest/v1/watchlist?select=symbol "HTTP/2 200 OK"
2025-09-04 03:13:40,150 - httpx - INFO - HTTP Request: GET https://ednpvwbgpodeepjdefjy.supabase.co/rest/v1/watchlist?select=symbol "HTTP/2 200 OK"
2025-09-04 03:16:28,328 - httpx - INFO - HTTP Request: GET https://ednpvwbgpodeepjdefjy.supabase.co/rest/v1/watchlist?select=symbol "HTTP/2 200 OK"
2025-09-04 03:19:16,766 - httpx - INFO - HTTP Request: GET https://ednpvwbgpodeepjdefjy.supabase.co/rest/v1/watchlist?select=symbol "HTTP/2 200 OK"
2025-09-04 03:19:17,515 - httpx - INFO - HTTP Request: GET https://ednpvwbgpodeepjdefjy.supabase.co/rest/v1/watchlist?select=symbol "HTTP/2 200 OK"
2025-09-04 03:22:05,964 - httpx - INFO - HTTP Request: GET https://ednpvwbgpodeepjdefjy.supabase.co/rest/v1/watchlist?select=symbol "HTTP/2 200 OK"
2025-09-04 03:24:54,935 - httpx - INFO - HTTP Request: GET https://ednpvwbgpodeepjdefjy.supabase.co/rest/v1/watchlist?select=symbol "HTTP/2 200 OK"
2025-09-04 03:24:55,806 - httpx - INFO - HTTP Request: GET https://ednpvwbgpodeepjdefjy.supabase.co/rest/v1/watchlist?select=symbol "HTTP/2 200 OK"
2025-09-04 03:27:44,041 - httpx - INFO - HTTP Request: GET https://ednpvwbgpodeepjdefjy.supabase.co/rest/v1/watchlist?select=symbol "HTTP/2 200 OK"
2025-09-04 03:30:34,590 - httpx - INFO - HTTP Request: GET https://ednpvwbgpodeepjdefjy.supabase.co/rest/v1/watchlist?select=symbol "HTTP/2 200 OK"
2025-09-04 03:30:35,352 - httpx - INFO - HTTP Request: GET https://ednpvwbgpodeepjdefjy.supabase.co/rest/v1/watchlist?select=symbol "HTTP/2 200 OK"
2025-09-04 03:33:26,523 - httpx - INFO - HTTP Request: GET https://ednpvwbgpodeepjdefjy.supabase.co/rest/v1/watchlist?select=symbol "HTTP/2 200 OK"
2025-09-04 03:36:14,721 - httpx - INFO - HTTP Request: GET https://ednpvwbgpodeepjdefjy.supabase.co/rest/v1/watchlist?select=symbol "HTTP/2 200 OK"
2025-09-04 03:36:15,478 - httpx - INFO - HTTP Request: GET https://ednpvwbgpodeepjdefjy.supabase.co/rest/v1/watchlist?select=symbol "HTTP/2 200 OK"
2025-09-04 03:39:05,058 - httpx - INFO - HTTP Request: GET https://ednpvwbgpodeepjdefjy.supabase.co/rest/v1/watchlist?select=symbol "HTTP/2 200 OK"
2025-09-04 03:41:54,216 - httpx - INFO - HTTP Request: GET https://ednpvwbgpodeepjdefjy.supabase.co/rest/v1/watchlist?select=symbol "HTTP/2 200 OK"
2025-09-04 03:41:54,939 - httpx - INFO - HTTP Request: GET https://ednpvwbgpodeepjdefjy.supabase.co/rest/v1/watchlist?select=symbol "HTTP/2 200 OK"
2025-09-04 03:44:43,082 - httpx - INFO - HTTP Request: GET https://ednpvwbgpodeepjdefjy.supabase.co/rest/v1/watchlist?select=symbol "HTTP/2 200 OK"
2025-09-04 03:47:32,807 - httpx - INFO - HTTP Request: GET https://ednpvwbgpodeepjdefjy.supabase.co/rest/v1/watchlist?select=symbol "HTTP/2 200 OK"
2025-09-04 03:47:33,747 - httpx - INFO - HTTP Request: GET https://ednpvwbgpodeepjdefjy.supabase.co/rest/v1/watchlist?select=symbol "HTTP/2 200 OK"
2025-09-04 03:50:23,442 - httpx - INFO - HTTP Request: GET https://ednpvwbgpodeepjdefjy.supabase.co/rest/v1/watchlist?select=symbol "HTTP/2 200 OK"
2025-09-04 03:53:13,486 - httpx - INFO - HTTP Request: GET https://ednpvwbgpodeepjdefjy.supabase.co/rest/v1/watchlist?select=symbol "HTTP/2 200 OK"
2025-09-04 03:53:14,404 - httpx - INFO - HTTP Request: GET https://ednpvwbgpodeepjdefjy.supabase.co/rest/v1/watchlist?select=symbol "HTTP/2 200 OK"
2025-09-04 03:56:04,594 - httpx - INFO - HTTP Request: GET https://ednpvwbgpodeepjdefjy.supabase.co/rest/v1/watchlist?select=symbol "HTTP/2 200 OK"
2025-09-04 03:58:54,068 - httpx - INFO - HTTP Request: GET https://ednpvwbgpodeepjdefjy.supabase.co/rest/v1/watchlist?select=symbol "HTTP/2 200 OK"
2025-09-04 03:58:55,095 - httpx - INFO - HTTP Request: GET https://ednpvwbgpodeepjdefjy.supabase.co/rest/v1/watchlist?select=symbol "HTTP/2 200 OK"
2025-09-04 04:01:45,350 - httpx - INFO - HTTP Request: GET https://ednpvwbgpodeepjdefjy.supabase.co/rest/v1/watchlist?select=symbol "HTTP/2 200 OK"
2025-09-04 04:04:34,513 - httpx - INFO - HTTP Request: GET https://ednpvwbgpodeepjdefjy.supabase.co/rest/v1/watchlist?select=symbol "HTTP/2 200 OK"
2025-09-04 04:04:35,284 - httpx - INFO - HTTP Request: GET https://ednpvwbgpodeepjdefjy.supabase.co/rest/v1/watchlist?select=symbol "HTTP/2 200 OK"
2025-09-04 04:07:26,830 - httpx - INFO - HTTP Request: GET https://ednpvwbgpodeepjdefjy.supabase.co/rest/v1/watchlist?select=symbol "HTTP/2 200 OK"
2025-09-04 04:10:16,771 - httpx - INFO - HTTP Request: GET https://ednpvwbgpodeepjdefjy.supabase.co/rest/v1/watchlist?select=symbol "HTTP/2 200 OK"
2025-09-04 04:10:19,559 - httpx - INFO - HTTP Request: GET https://ednpvwbgpodeepjdefjy.supabase.co/rest/v1/watchlist?select=symbol "HTTP/2 200 OK"
2025-09-04 04:13:08,221 - httpx - INFO - HTTP Request: GET https://ednpvwbgpodeepjdefjy.supabase.co/rest/v1/watchlist?select=symbol "HTTP/2 200 OK"
2025-09-04 04:15:57,458 - httpx - INFO - HTTP Request: GET https://ednpvwbgpodeepjdefjy.supabase.co/rest/v1/watchlist?select=symbol "HTTP/2 200 OK"
2025-09-04 04:15:58,294 - httpx - INFO - HTTP Request: GET https://ednpvwbgpodeepjdefjy.supabase.co/rest/v1/watchlist?select=symbol "HTTP/2 200 OK"
2025-09-04 04:18:48,263 - httpx - INFO - HTTP Request: GET https://ednpvwbgpodeepjdefjy.supabase.co/rest/v1/watchlist?select=symbol "HTTP/2 200 OK"
2025-09-04 04:21:39,169 - httpx - INFO - HTTP Request: GET https://ednpvwbgpodeepjdefjy.supabase.co/rest/v1/watchlist?select=symbol "HTTP/2 200 OK"
2025-09-04 04:21:41,216 - httpx - INFO - HTTP Request: GET https://ednpvwbgpodeepjdefjy.supabase.co/rest/v1/watchlist?select=symbol "HTTP/2 200 OK"
2025-09-04 04:24:30,306 - httpx - INFO - HTTP Request: GET https://ednpvwbgpodeepjdefjy.supabase.co/rest/v1/watchlist?select=symbol "HTTP/2 200 OK"
2025-09-04 04:27:19,258 - httpx - INFO - HTTP Request: GET https://ednpvwbgpodeepjdefjy.supabase.co/rest/v1/watchlist?select=symbol "HTTP/2 200 OK"
2025-09-04 04:27:20,086 - httpx - INFO - HTTP Request: GET https://ednpvwbgpodeepjdefjy.supabase.co/rest/v1/watchlist?select=symbol "HTTP/2 200 OK"
2025-09-04 04:30:08,918 - httpx - INFO - HTTP Request: GET https://ednpvwbgpodeepjdefjy.supabase.co/rest/v1/watchlist?select=symbol "HTTP/2 200 OK"
2025-09-04 04:32:59,518 - httpx - INFO - HTTP Request: GET https://ednpvwbgpodeepjdefjy.supabase.co/rest/v1/watchlist?select=symbol "HTTP/2 200 OK"
2025-09-04 04:33:00,541 - httpx - INFO - HTTP Request: GET https://ednpvwbgpodeepjdefjy.supabase.co/rest/v1/watchlist?select=symbol "HTTP/2 200 OK"
2025-09-04 04:35:48,888 - httpx - INFO - HTTP Request: GET https://ednpvwbgpodeepjdefjy.supabase.co/rest/v1/watchlist?select=symbol "HTTP/2 200 OK"
2025-09-04 04:38:38,626 - httpx - INFO - HTTP Request: GET https://ednpvwbgpodeepjdefjy.supabase.co/rest/v1/watchlist?select=symbol "HTTP/2 200 OK"
2025-09-04 04:38:39,541 - httpx - INFO - HTTP Request: GET https://ednpvwbgpodeepjdefjy.supabase.co/rest/v1/watchlist?select=symbol "HTTP/2 200 OK"
2025-09-04 04:41:28,755 - httpx - INFO - HTTP Request: GET https://ednpvwbgpodeepjdefjy.supabase.co/rest/v1/watchlist?select=symbol "HTTP/2 200 OK"
2025-09-04 04:44:19,969 - httpx - INFO - HTTP Request: GET https://ednpvwbgpodeepjdefjy.supabase.co/rest/v1/watchlist?select=symbol "HTTP/2 200 OK"
2025-09-04 04:44:21,812 - httpx - INFO - HTTP Request: GET https://ednpvwbgpodeepjdefjy.supabase.co/rest/v1/watchlist?select=symbol "HTTP/2 200 OK"
2025-09-04 04:47:11,183 - httpx - INFO - HTTP Request: GET https://ednpvwbgpodeepjdefjy.supabase.co/rest/v1/watchlist?select=symbol "HTTP/2 200 OK"
2025-09-04 04:50:00,470 - httpx - INFO - HTTP Request: GET https://ednpvwbgpodeepjdefjy.supabase.co/rest/v1/watchlist?select=symbol "HTTP/2 200 OK"
2025-09-04 04:50:01,272 - httpx - INFO - HTTP Request: GET https://ednpvwbgpodeepjdefjy.supabase.co/rest/v1/watchlist?select=symbol "HTTP/2 200 OK"
2025-09-04 04:52:50,147 - httpx - INFO - HTTP Request: GET https://ednpvwbgpodeepjdefjy.supabase.co/rest/v1/watchlist?select=symbol "HTTP/2 200 OK"
2025-09-04 04:55:40,421 - httpx - INFO - HTTP Request: GET https://ednpvwbgpodeepjdefjy.supabase.co/rest/v1/watchlist?select=symbol "HTTP/2 200 OK"
2025-09-04 04:55:43,194 - httpx - INFO - HTTP Request: GET https://ednpvwbgpodeepjdefjy.supabase.co/rest/v1/watchlist?select=symbol "HTTP/2 200 OK"
2025-09-04 04:58:35,320 - httpx - INFO - HTTP Request: GET https://ednpvwbgpodeepjdefjy.supabase.co/rest/v1/watchlist?select=symbol "HTTP/2 200 OK"
2025-09-04 05:01:25,878 - httpx - INFO - HTTP Request: GET https://ednpvwbgpodeepjdefjy.supabase.co/rest/v1/watchlist?select=symbol "HTTP/2 200 OK"
2025-09-04 05:01:26,647 - httpx - INFO - HTTP Request: GET https://ednpvwbgpodeepjdefjy.supabase.co/rest/v1/watchlist?select=symbol "HTTP/2 200 OK"
2025-09-04 05:04:18,009 - httpx - INFO - HTTP Request: GET https://ednpvwbgpodeepjdefjy.supabase.co/rest/v1/watchlist?select=symbol "HTTP/2 200 OK"
2025-09-04 05:07:08,347 - httpx - INFO - HTTP Request: GET https://ednpvwbgpodeepjdefjy.supabase.co/rest/v1/watchlist?select=symbol "HTTP/2 200 OK"
2025-09-04 05:07:09,195 - httpx - INFO - HTTP Request: GET https://ednpvwbgpodeepjdefjy.supabase.co/rest/v1/watchlist?select=symbol "HTTP/2 200 OK"
2025-09-04 05:09:58,127 - httpx - INFO - HTTP Request: GET https://ednpvwbgpodeepjdefjy.supabase.co/rest/v1/watchlist?select=symbol "HTTP/2 200 OK"
2025-09-04 05:12:48,828 - httpx - INFO - HTTP Request: GET https://ednpvwbgpodeepjdefjy.supabase.co/rest/v1/watchlist?select=symbol "HTTP/2 200 OK"
2025-09-04 05:12:49,647 - httpx - INFO - HTTP Request: GET https://ednpvwbgpodeepjdefjy.supabase.co/rest/v1/watchlist?select=symbol "HTTP/2 200 OK"
2025-09-04 05:15:40,763 - httpx - INFO - HTTP Request: GET https://ednpvwbgpodeepjdefjy.supabase.co/rest/v1/watchlist?select=symbol "HTTP/2 200 OK"
2025-09-04 05:18:30,483 - httpx - INFO - HTTP Request: GET https://ednpvwbgpodeepjdefjy.supabase.co/rest/v1/watchlist?select=symbol "HTTP/2 200 OK"
2025-09-04 05:18:32,282 - httpx - INFO - HTTP Request: GET https://ednpvwbgpodeepjdefjy.supabase.co/rest/v1/watchlist?select=symbol "HTTP/2 200 OK"
2025-09-04 05:21:22,264 - httpx - INFO - HTTP Request: GET https://ednpvwbgpodeepjdefjy.supabase.co/rest/v1/watchlist?select=symbol "HTTP/2 200 OK"
2025-09-04 05:24:13,071 - httpx - INFO - HTTP Request: GET https://ednpvwbgpodeepjdefjy.supabase.co/rest/v1/watchlist?select=symbol "HTTP/2 200 OK"
2025-09-04 05:24:14,194 - httpx - INFO - HTTP Request: GET https://ednpvwbgpodeepjdefjy.supabase.co/rest/v1/watchlist?select=symbol "HTTP/2 200 OK"
2025-09-04 05:27:07,763 - httpx - INFO - HTTP Request: GET https://ednpvwbgpodeepjdefjy.supabase.co/rest/v1/watchlist?select=symbol "HTTP/2 200 OK"
2025-09-04 05:29:58,160 - httpx - INFO - HTTP Request: GET https://ednpvwbgpodeepjdefjy.supabase.co/rest/v1/watchlist?select=symbol "HTTP/2 200 OK"
2025-09-04 05:30:00,140 - httpx - INFO - HTTP Request: GET https://ednpvwbgpodeepjdefjy.supabase.co/rest/v1/watchlist?select=symbol "HTTP/2 200 OK"
2025-09-04 05:32:51,214 - httpx - INFO - HTTP Request: GET https://ednpvwbgpodeepjdefjy.supabase.co/rest/v1/watchlist?select=symbol "HTTP/2 200 OK"
